################################################################################
#                                                                              #
#      IAR Universal Linker V6.5.1.95                                          #
#                                                                              #
#           Link time     =  06/Jul/2019  18:58:50                             #
#           Target CPU    =  MSP430                                            #
#           List file     =  "C:\Users\Johny\OneDrive\Quarto Periodo\Projeto I #
#                            ntegrador\WS_IAR_JOHNY\SimonSays\Debug\List\Symon #
#                            Says.map"                                         #
#           Output file 1 =  "C:\Users\Johny\OneDrive\Quarto Periodo\Projeto I #
#                            ntegrador\WS_IAR_JOHNY\SimonSays\Debug\Exe\SymonS #
#                            ays.d43"                                          #
#                            Format: ubrof10                                   #
#                            UBROF version 10.0.6                              #
#                            Using library modules for C-SPY (-rt)             #
#           Command line  =  -f C:\Users\Johny\AppData\Local\Temp\EW11CD.tmp   #
#                            ("C:\Users\Johny\OneDrive\Quarto Periodo\Projeto  #
#                            Integrador\WS_IAR_JOHNY\SimonSays\Debug\Obj\LCD_P #
#                            ort1V3.r43"                                       #
#                            "C:\Users\Johny\OneDrive\Quarto Periodo\Projeto I #
#                            ntegrador\WS_IAR_JOHNY\SimonSays\Debug\Obj\Sysmon #
#                            Says.r43"                                         #
#                            -o                                                #
#                            "C:\Users\Johny\OneDrive\Quarto Periodo\Projeto I #
#                            ntegrador\WS_IAR_JOHNY\SimonSays\Debug\Exe\SymonS #
#                            ays.d43"                                          #
#                            -l                                                #
#                            "C:\Users\Johny\OneDrive\Quarto Periodo\Projeto I #
#                            ntegrador\WS_IAR_JOHNY\SimonSays\Debug\List\Symon #
#                            Says.map"                                         #
#                            -xms                                              #
#                            "-IC:\Program Files (x86)\IAR Systems\Embedded Wo #
#                            rkbench 8.0\430\LIB\"                             #
#                            -f                                                #
#                            "C:\Program Files (x86)\IAR Systems\Embedded Work #
#                            bench 8.0\430\config\linker\lnk430g2553.xcl"      #
#                            (-cmsp430 -QCODE_I=CODE_ID -QTLS16_I=TLS16_ID     #
#                            -Z(CONST)INFO=1000-10FF                           #
#                            -Z(CONST)INFOA=10C0-10FF                          #
#                            -Z(CONST)INFOB=1080-10BF                          #
#                            -Z(CONST)INFOC=1040-107F                          #
#                            -Z(CONST)INFOD=1000-103F                          #
#                            -Z(DATA)DATA16_I,DATA16_Z,DATA16_N,TLS16_I=0200-0 #
#                            3FF                                               #
#                            -Z(DATA)DATA16_HEAP+_DATA16_HEAP_SIZE             #
#                            -Z(DATA)CODE_I -Z(DATA)CSTACK+_STACK_SIZE#        #
#                            -Z(CONST)DATA16_C,DATA16_ID,TLS16_ID,DIFUNCT,CHEC #
#                            KSUM=C000-FFDD                                    #
#                            -Z(CODE)CSTART,ISR_CODE,CODE_ID=C000-FFDD         #
#                            -P(CODE)CODE=C000-FFDD                            #
#                            -Z(CONST)SIGNATURE=FFDE-FFDF                      #
#                            -Z(CODE)INTVEC=FFE0-FFFF                          #
#                            -Z(CODE)RESET=FFFE-FFFF) -D_STACK_SIZE=50 -rt     #
#                            "C:\Program Files (x86)\IAR Systems\Embedded Work #
#                            bench 8.0\430\lib\dlib\dl430fn.r43"               #
#                            -D_DATA16_HEAP_SIZE=50 -s __program_start         #
#                            -D_DATA20_HEAP_SIZE=50)                           #
#                                                                              #
#                           Copyright (C) 1987-2016 IAR Systems AB.            #
################################################################################





                ****************************************
                *                                      *
                *           CROSS REFERENCE            *
                *                                      *
                ****************************************

       Program entry at :           C098  Relocatable, from module : ?cstart




                ****************************************
                *                                      *
                *            RUNTIME MODEL             *
                *                                      *
                ****************************************

  __Heap_Handler             = Basic
  __SystemLibrary            = DLib
  __core                     = 430
  __dlib_file_descriptor     = 0
  __dlib_full_locale_support = 0
  __double_size              = 32
  __pic                      = no
  __reg_r4                   = free
  __reg_r5                   = free
  __rt_version               = 3

                ****************************************
                *                                      *
                *    AUTOMATIC SYMBOL REDIRECTIONS     *
                *                                      *
                ****************************************

                  There are no automatic symbol redirections.



                ****************************************
                *                                      *
                *              MODULE MAP              *
                *                                      *
                ****************************************


  DEFINED ABSOLUTE ENTRIES
    *************************************************************************

  DEFINED ABSOLUTE ENTRIES
  PROGRAM MODULE, NAME : ?ABS_ENTRY_MOD

Absolute parts
           ENTRY                   ADDRESS         REF BY
           =====                   =======         ======
           _DATA20_HEAP_SIZE       0050 
           _DATA16_HEAP_SIZE       0050 
           _STACK_SIZE             0050 
    *************************************************************************

  FILE NAME : C:\Users\Johny\OneDrive\Quarto Periodo\Projeto Integrador\WS_IAR_JOHNY\SimonSays\Debug\Obj\LCD_Port1V3.r43
  PROGRAM MODULE, NAME : LCD_Port1V3

  SEGMENTS IN THE MODULE
  ======================
DATA16_AN
  Relative segment, address: 0021 - 0021 (0x1 bytes), align: 0
  Segment part 1. ROOT        Intra module refs:   EscDado
                                                   EscInst
                                                   IniDisp
                                                   main (SysmonSays)
                                                   strobe
           ENTRY                   ADDRESS         REF BY
           =====                   =======         ======
           P1OUT                   0021 
    -------------------------------------------------------------------------
<CODE> 1 (was CODE)
  Relative segment, address: C55A - C5F3 (0x9a bytes), align: 1
  Segment part 5.
           ENTRY                   ADDRESS         REF BY
           =====                   =======         ======
           IniDisp                 C55A            main (SysmonSays)
               calls direct
    -------------------------------------------------------------------------
<CODE> 1 (was CODE)
  Relative segment, address: C874 - C87F (0xc bytes), align: 1
  Segment part 3.             Intra module refs:   EscDado
                                                   EscInst
                                                   IniDisp
           ENTRY                   ADDRESS         REF BY
           =====                   =======         ======
           strobe                  C874 
    -------------------------------------------------------------------------
<CODE> 1 (was CODE)
  Relative segment, address: C6B2 - C6E5 (0x34 bytes), align: 1
  Segment part 4.             Intra module refs:   GotoXY
                                                   IniDisp
           ENTRY                   ADDRESS         REF BY
           =====                   =======         ======
           EscInst                 C6B2            main (SysmonSays)
               calls direct
    -------------------------------------------------------------------------
<CODE> 1 (was CODE)
  Relative segment, address: C678 - C6B1 (0x3a bytes), align: 1
  Segment part 6.             Intra module refs:   MString
           ENTRY                   ADDRESS         REF BY
           =====                   =======         ======
           EscDado                 C678 
               calls direct
    -------------------------------------------------------------------------
<CODE> 1 (was CODE)
  Relative segment, address: C808 - C81B (0x14 bytes), align: 1
  Segment part 7.
           ENTRY                   ADDRESS         REF BY
           =====                   =======         ======
           GotoXY                  C808            isr_TIMERA0 (SysmonSays)
                                                   main (SysmonSays)
               calls direct
    -------------------------------------------------------------------------
<CODE> 1 (was CODE)
  Relative segment, address: C81C - C82F (0x14 bytes), align: 1
  Segment part 8.
           ENTRY                   ADDRESS         REF BY
           =====                   =======         ======
           MString                 C81C            isr_TIMERA0 (SysmonSays)
                                                   main (SysmonSays)
               calls direct

    *************************************************************************

  FILE NAME : C:\Users\Johny\OneDrive\Quarto Periodo\Projeto Integrador\WS_IAR_JOHNY\SimonSays\Debug\Obj\SysmonSays.r43
  PROGRAM MODULE, NAME : SysmonSays

  SEGMENTS IN THE MODULE
  ======================
DATA16_AN
  Relative segment, address: 0001 - 0001 (0x1 bytes), align: 0
  Segment part 1. ROOT        Intra module refs:   main
           ENTRY                   ADDRESS         REF BY
           =====                   =======         ======
           IE2                     0001 
    -------------------------------------------------------------------------
DATA16_AN
  Relative segment, address: 0003 - 0003 (0x1 bytes), align: 0
  Segment part 2. ROOT        Intra module refs:   result
           ENTRY                   ADDRESS         REF BY
           =====                   =======         ======
           IFG2                    0003 
    -------------------------------------------------------------------------
DATA16_AN
  Relative segment, address: 0056 - 0056 (0x1 bytes), align: 0
  Segment part 3. ROOT        Intra module refs:   main
           ENTRY                   ADDRESS         REF BY
           =====                   =======         ======
           DCOCTL                  0056 
    -------------------------------------------------------------------------
DATA16_AN
  Relative segment, address: 0057 - 0057 (0x1 bytes), align: 0
  Segment part 4. ROOT        Intra module refs:   main
           ENTRY                   ADDRESS         REF BY
           =====                   =======         ======
           BCSCTL1                 0057 
    -------------------------------------------------------------------------
DATA16_AN
  Relative segment, address: 0022 - 0022 (0x1 bytes), align: 0
  Segment part 6. ROOT        Intra module refs:   main
           ENTRY                   ADDRESS         REF BY
           =====                   =======         ======
           P1DIR                   0022 
    -------------------------------------------------------------------------
DATA16_AN
  Relative segment, address: 0026 - 0026 (0x1 bytes), align: 0
  Segment part 7. ROOT        Intra module refs:   main
           ENTRY                   ADDRESS         REF BY
           =====                   =======         ======
           P1SEL                   0026 
    -------------------------------------------------------------------------
DATA16_AN
  Relative segment, address: 0041 - 0041 (0x1 bytes), align: 0
  Segment part 8. ROOT        Intra module refs:   main
           ENTRY                   ADDRESS         REF BY
           =====                   =======         ======
           P1SEL2                  0041 
    -------------------------------------------------------------------------
DATA16_AN
  Relative segment, address: 0029 - 0029 (0x1 bytes), align: 0
  Segment part 9. ROOT        Intra module refs:   ISR_RX
                                                   isr_TIMERA0
                                                   main
           ENTRY                   ADDRESS         REF BY
           =====                   =======         ======
           P2OUT                   0029 
    -------------------------------------------------------------------------
DATA16_AN
  Relative segment, address: 002A - 002A (0x1 bytes), align: 0
  Segment part 10. ROOT       Intra module refs:   main
           ENTRY                   ADDRESS         REF BY
           =====                   =======         ======
           P2DIR                   002A 
    -------------------------------------------------------------------------
DATA16_AN
  Relative segment, address: 012E - 012F (0x2 bytes), align: 0
  Segment part 11. ROOT       Intra module refs:   isr_TIMERA0
           ENTRY                   ADDRESS         REF BY
           =====                   =======         ======
           TA0IV                   012E 
    -------------------------------------------------------------------------
DATA16_AN
  Relative segment, address: 0160 - 0161 (0x2 bytes), align: 0
  Segment part 12. ROOT       Intra module refs:   main
           ENTRY                   ADDRESS         REF BY
           =====                   =======         ======
           TA0CTL                  0160 
    -------------------------------------------------------------------------
DATA16_AN
  Relative segment, address: 0172 - 0173 (0x2 bytes), align: 0
  Segment part 13. ROOT       Intra module refs:   main
           ENTRY                   ADDRESS         REF BY
           =====                   =======         ======
           TA0CCR0                 0172 
    -------------------------------------------------------------------------
DATA16_AN
  Relative segment, address: 0061 - 0061 (0x1 bytes), align: 0
  Segment part 14. ROOT       Intra module refs:   main
           ENTRY                   ADDRESS         REF BY
           =====                   =======         ======
           UCA0CTL1                0061 
    -------------------------------------------------------------------------
DATA16_AN
  Relative segment, address: 0062 - 0062 (0x1 bytes), align: 0
  Segment part 15. ROOT       Intra module refs:   main
           ENTRY                   ADDRESS         REF BY
           =====                   =======         ======
           UCA0BR0                 0062 
    -------------------------------------------------------------------------
DATA16_AN
  Relative segment, address: 0063 - 0063 (0x1 bytes), align: 0
  Segment part 16. ROOT       Intra module refs:   main
           ENTRY                   ADDRESS         REF BY
           =====                   =======         ======
           UCA0BR1                 0063 
    -------------------------------------------------------------------------
DATA16_AN
  Relative segment, address: 0064 - 0064 (0x1 bytes), align: 0
  Segment part 17. ROOT       Intra module refs:   main
           ENTRY                   ADDRESS         REF BY
           =====                   =======         ======
           UCA0MCTL                0064 
    -------------------------------------------------------------------------
DATA16_AN
  Relative segment, address: 0066 - 0066 (0x1 bytes), align: 0
  Segment part 18. ROOT       Intra module refs:   ISR_RX
           ENTRY                   ADDRESS         REF BY
           =====                   =======         ======
           UCA0RXBUF               0066 
    -------------------------------------------------------------------------
DATA16_AN
  Relative segment, address: 0067 - 0067 (0x1 bytes), align: 0
  Segment part 19. ROOT       Intra module refs:   result
           ENTRY                   ADDRESS         REF BY
           =====                   =======         ======
           UCA0TXBUF               0067 
    -------------------------------------------------------------------------
DATA16_AN
  Relative segment, address: 0120 - 0121 (0x2 bytes), align: 0
  Segment part 20. ROOT       Intra module refs:   main
           ENTRY                   ADDRESS         REF BY
           =====                   =======         ======
           WDTCTL                  0120 
    -------------------------------------------------------------------------
DATA16_AN
  Relative segment, address: 10FE - 10FE (0x1 bytes), align: 0
  Segment part 21. ROOT       Intra module refs:   main
           ENTRY                   ADDRESS         REF BY
           =====                   =======         ======
           CALDCO_1MHZ             10FE 
    -------------------------------------------------------------------------
DATA16_AN
  Relative segment, address: 10FF - 10FF (0x1 bytes), align: 0
  Segment part 22. ROOT       Intra module refs:   main
           ENTRY                   ADDRESS         REF BY
           =====                   =======         ======
           CALBC1_1MHZ             10FF 
    -------------------------------------------------------------------------
DATA16_Z
  Relative segment, address: 02E0 - 02E0 (0x1 bytes), align: 0
  Segment part 36.            Intra module refs:   main
           ENTRY                   ADDRESS         REF BY
           =====                   =======         ======
           tecla                   02E0 
    -------------------------------------------------------------------------
DATA16_Z
  Relative segment, address: 02E1 - 02E1 (0x1 bytes), align: 0
  Segment part 37.            Intra module refs:   main
           ENTRY                   ADDRESS         REF BY
           =====                   =======         ======
           lcdLin                  02E1 
    -------------------------------------------------------------------------
DATA16_Z
  Relative segment, address: 02E2 - 02E2 (0x1 bytes), align: 0
  Segment part 38.            Intra module refs:   main
           ENTRY                   ADDRESS         REF BY
           =====                   =======         ======
           lcdCol                  02E2 
    -------------------------------------------------------------------------
DATA16_I
  Relative segment, address: 0200 - 0201 (0x2 bytes), align: 1
  Segment part 39.            Intra module refs:   ISR_RX
                                                   isr_TIMERA0
           ENTRY                   ADDRESS         REF BY
           =====                   =======         ======
           ctTimer                 0200 
    -------------------------------------------------------------------------
DATA16_Z
  Relative segment, address: 020E - 0249 (0x3c bytes), align: 1
  Segment part 41.            Intra module refs:   ISR_RX
                                                   isr_TIMERA0
                                                   main
           ENTRY                   ADDRESS         REF BY
           =====                   =======         ======
           vetorPosicao            020E 
    -------------------------------------------------------------------------
DATA16_I
  Relative segment, address: 0202 - 0203 (0x2 bytes), align: 1
  Segment part 42.            Intra module refs:   ISR_RX
                                                   isr_TIMERA0
           ENTRY                   ADDRESS         REF BY
           =====                   =======         ======
           estado                  0202 
    -------------------------------------------------------------------------
DATA16_Z
  Relative segment, address: 024A - 024B (0x2 bytes), align: 1
  Segment part 44.            Intra module refs:   ISR_RX
                                                   isr_TIMERA0
           ENTRY                   ADDRESS         REF BY
           =====                   =======         ======
           ctPosicaoVetor          024A 
    -------------------------------------------------------------------------
DATA16_I
  Relative segment, address: 0204 - 0205 (0x2 bytes), align: 1
  Segment part 45.            Intra module refs:   ISR_RX
                                                   isr_TIMERA0
           ENTRY                   ADDRESS         REF BY
           =====                   =======         ======
           ctAcerto                0204 
    -------------------------------------------------------------------------
DATA16_Z
  Relative segment, address: 02E3 - 02E3 (0x1 bytes), align: 0
  Segment part 47.            Intra module refs:   ISR_RX
                                                   isr_TIMERA0
           ENTRY                   ADDRESS         REF BY
           =====                   =======         ======
           ligaLed                 02E3 
    -------------------------------------------------------------------------
DATA16_Z
  Relative segment, address: 02E4 - 02E7 (0x4 bytes), align: 0
  Segment part 48.            Intra module refs:   isr_TIMERA0
           ENTRY                   ADDRESS         REF BY
           =====                   =======         ======
           pontuacao               02E4 
    -------------------------------------------------------------------------
DATA16_I
  Relative segment, address: 020C - 020C (0x1 bytes), align: 0
  Segment part 49.            Intra module refs:   isr_TIMERA0
           ENTRY                   ADDRESS         REF BY
           =====                   =======         ======
           multAcerto              020C 
    -------------------------------------------------------------------------
DATA16_Z
  Relative segment, address: 024C - 024D (0x2 bytes), align: 1
  Segment part 51.            Intra module refs:   ISR_RX
                                                   isr_TIMERA0
           ENTRY                   ADDRESS         REF BY
           =====                   =======         ======
           ctUn                    024C 
    -------------------------------------------------------------------------
DATA16_Z
  Relative segment, address: 024E - 024F (0x2 bytes), align: 1
  Segment part 52.            Intra module refs:   ISR_RX
                                                   isr_TIMERA0
           ENTRY                   ADDRESS         REF BY
           =====                   =======         ======
           delay                   024E 
    -------------------------------------------------------------------------
DATA16_Z
  Relative segment, address: 0250 - 0251 (0x2 bytes), align: 1
  Segment part 53.            Intra module refs:   isr_TIMERA0
           ENTRY                   ADDRESS         REF BY
           =====                   =======         ======
           mil                     0250 
    -------------------------------------------------------------------------
DATA16_Z
  Relative segment, address: 0252 - 0253 (0x2 bytes), align: 1
  Segment part 54.            Intra module refs:   isr_TIMERA0
           ENTRY                   ADDRESS         REF BY
           =====                   =======         ======
           cent                    0252 
    -------------------------------------------------------------------------
DATA16_Z
  Relative segment, address: 0254 - 0255 (0x2 bytes), align: 1
  Segment part 55.            Intra module refs:   isr_TIMERA0
           ENTRY                   ADDRESS         REF BY
           =====                   =======         ======
           dec                     0254 
    -------------------------------------------------------------------------
DATA16_Z
  Relative segment, address: 0256 - 0257 (0x2 bytes), align: 1
  Segment part 56.            Intra module refs:   isr_TIMERA0
           ENTRY                   ADDRESS         REF BY
           =====                   =======         ======
           un                      0256 
    -------------------------------------------------------------------------
DATA16_I
  Relative segment, address: 0206 - 0207 (0x2 bytes), align: 1
  Segment part 57.            Intra module refs:   isr_TIMERA0
           ENTRY                   ADDRESS         REF BY
           =====                   =======         ======
           teste                   0206 
    -------------------------------------------------------------------------
DATA16_Z
  Relative segment, address: 02E8 - 02ED (0x6 bytes), align: 0
  Segment part 59.            Intra module refs:   isr_TIMERA0
           ENTRY                   ADDRESS         REF BY
           =====                   =======         ======
           str                     02E8 
    -------------------------------------------------------------------------
<CODE> 1 (was CODE)
  Relative segment, address: C492 - C559 (0xc8 bytes), align: 1
  Segment part 60.
           ENTRY                   ADDRESS         REF BY
           =====                   =======         ======
           main                    C492            Segment part 19 (?cstart)
               calls direct
    -------------------------------------------------------------------------
<CODE> 1 (was CODE)
  Relative segment, address: C746 - C76D (0x28 bytes), align: 1
  Segment part 61.            Intra module refs:   isr_TIMERA0
           ENTRY                   ADDRESS         REF BY
           =====                   =======         ======
           result                  C746 
    -------------------------------------------------------------------------
<CODE> 1 (was CODE)
  Relative segment, address: C0C0 - C399 (0x2da bytes), align: 1
  Segment part 62.            Intra module refs:   isr_TIMERA0::??INTVEC 16
           ENTRY                   ADDRESS         REF BY
           =====                   =======         ======
           isr_TIMERA0             C0C0 
               interrupt function
               calls direct
    -------------------------------------------------------------------------
<CODE> 1 (was CODE)
  Relative segment, address: C39A - C491 (0xf8 bytes), align: 1
  Segment part 63.            Intra module refs:   ISR_RX::??INTVEC 14
           ENTRY                   ADDRESS         REF BY
           =====                   =======         ======
           ISR_RX                  C39A 
               interrupt function
               calls direct
    -------------------------------------------------------------------------
INTVEC
  Common segment, address: FFE0 - FFEF (0x10 bytes), align: 1
  Segment part 23. ROOT 
           ENTRY                   ADDRESS         REF BY
           =====                   =======         ======
           ISR_RX::??INTVEC 14     FFEE 
    -------------------------------------------------------------------------
INTVEC
  Common segment, address: FFE0 - FFF1 (0x12 bytes), align: 1
  Segment part 24. ROOT 
           ENTRY                   ADDRESS         REF BY
           =====                   =======         ======
           isr_TIMERA0::??INTVEC 16
                                   FFF0 
    -------------------------------------------------------------------------
DATA16_ID
  Relative segment, address: C08A - C08B (0x2 bytes), align: 1
  Segment part 40.            Intra module refs:   ctTimer
    -------------------------------------------------------------------------
DATA16_ID
  Relative segment, address: C08C - C08D (0x2 bytes), align: 1
  Segment part 43.            Intra module refs:   estado
    -------------------------------------------------------------------------
DATA16_ID
  Relative segment, address: C08E - C08F (0x2 bytes), align: 1
  Segment part 46.            Intra module refs:   ctAcerto
    -------------------------------------------------------------------------
DATA16_ID
  Relative segment, address: C096 - C096 (0x1 bytes), align: 0
  Segment part 50.            Intra module refs:   multAcerto
    -------------------------------------------------------------------------
DATA16_ID
  Relative segment, address: C090 - C091 (0x2 bytes), align: 1
  Segment part 58.            Intra module refs:   teste
    -------------------------------------------------------------------------
DATA16_C
  Relative segment, address: C000 - C010 (0x11 bytes), align: 0
  Segment part 26.            Intra module refs:   main
    -------------------------------------------------------------------------
DATA16_C
  Relative segment, address: C011 - C021 (0x11 bytes), align: 0
  Segment part 27.            Intra module refs:   main
    -------------------------------------------------------------------------
DATA16_C
  Relative segment, address: C022 - C032 (0x11 bytes), align: 0
  Segment part 28.            Intra module refs:   isr_TIMERA0
    -------------------------------------------------------------------------
DATA16_C
  Relative segment, address: C033 - C043 (0x11 bytes), align: 0
  Segment part 29.            Intra module refs:   isr_TIMERA0
    -------------------------------------------------------------------------
DATA16_C
  Relative segment, address: C044 - C054 (0x11 bytes), align: 0
  Segment part 30.            Intra module refs:   isr_TIMERA0
    -------------------------------------------------------------------------
DATA16_C
  Relative segment, address: C055 - C066 (0x12 bytes), align: 0
  Segment part 31.            Intra module refs:   isr_TIMERA0
    -------------------------------------------------------------------------
DATA16_C
  Relative segment, address: C067 - C071 (0xb bytes), align: 0
  Segment part 32.            Intra module refs:   isr_TIMERA0
    -------------------------------------------------------------------------
DATA16_C
  Relative segment, address: C072 - C074 (0x3 bytes), align: 0
  Segment part 33.            Intra module refs:   isr_TIMERA0
    -------------------------------------------------------------------------
DATA16_C
  Relative segment, address: C075 - C085 (0x11 bytes), align: 0
  Segment part 34.            Intra module refs:   isr_TIMERA0
    -------------------------------------------------------------------------
DATA16_C
  Relative segment, address: C086 - C088 (0x3 bytes), align: 0
  Segment part 35.            Intra module refs:   isr_TIMERA0

    *************************************************************************

  FILE NAME : C:\Program Files (x86)\IAR Systems\Embedded Workbench 8.0\430\lib\dlib\dl430fn.r43
  LIBRARY MODULE, NAME : ?__dbg_break

  SEGMENTS IN THE MODULE
  ======================
<CODE> 1 (was CODE)
  Relative segment, address: C88C - C88D (0x2 bytes), align: 1
  Segment part 2.
           ENTRY                   ADDRESS         REF BY
           =====                   =======         ======
           __DebugBreak            C88C            __exit (?__exit)
                                                   __time32 (?time)

    -------------------------------------------------------------------------
  LIBRARY MODULE, NAME : ?time

  SEGMENTS IN THE MODULE
  ======================
<CODE> 1 (was CODE)
  Relative segment, address: C7BC - C7D7 (0x1c bytes), align: 1
  Segment part 2.
           ENTRY                   ADDRESS         REF BY
           =====                   =======         ======
           __time32                C7BC            main (SysmonSays)
               calls direct

    -------------------------------------------------------------------------
  LIBRARY MODULE, NAME : ?__exit

  SEGMENTS IN THE MODULE
  ======================
<CODE> 1 (was CODE)
  Relative segment, address: C842 - C853 (0x12 bytes), align: 1
  Segment part 2.
           ENTRY                   ADDRESS         REF BY
           =====                   =======         ======
           __exit                  C842            Segment part 6 (?_exit)
                                                   _exit (?_exit)
               calls direct

    -------------------------------------------------------------------------
  LIBRARY MODULE, NAME : ?_exit

  SEGMENTS IN THE MODULE
  ======================
<CODE> 1 (was CODE)
  Relative segment, address: C880, align: 1
  Segment part 0.
           ENTRY                   ADDRESS         REF BY
           =====                   =======         ======
           _exit                   C880            exit (?exit)
    -------------------------------------------------------------------------
<CODE> 1 (was CODE)
  Relative segment, address: C880 - C883 (0x4 bytes), align: 1
  Segment part 6.             Intra module refs:   _exit

    -------------------------------------------------------------------------
  LIBRARY MODULE, NAME : ?cstart

  SEGMENTS IN THE MODULE
  ======================
CSTACK
  Relative segment, address: 03B0, align: 1
  Segment part 1.
    -------------------------------------------------------------------------
DATA16_Z
  Relative segment, address: 0258, align: 1
  Segment part 2.
    -------------------------------------------------------------------------
DATA16_I
  Relative segment, address: 0208, align: 1
  Segment part 3.
    -------------------------------------------------------------------------
DATA16_ID
  Relative segment, address: C092, align: 1
  Segment part 4.
    -------------------------------------------------------------------------
CSTART
  Relative segment, address: C098 - C09B (0x4 bytes), align: 1
  Segment part 9.
           ENTRY                   ADDRESS         REF BY
           =====                   =======         ======
           __program_start         C098            ?reset_vector (?reset_vector)
                                                   Absolute parts (?ABS_ENTRY_MOD)
           ?cstart_begin           C098 
    -------------------------------------------------------------------------
CSTART
  Relative segment, address: C09C - C0A7 (0xc bytes), align: 1
  Segment part 14.
           ENTRY                   ADDRESS         REF BY
           =====                   =======         ======
           ?cstart_init_zero       C09C            Segment part 7 (?rand)
                                                   Segment part 9 (?rand)
                                                   _Randinit (?rand)
                                                   __iar_Tls_setup__Randinit (?rand)
                                                   __iar_Tls_setup__Randseed (?rand)
                                                   cent (SysmonSays)
                                                   ctPosicaoVetor (SysmonSays)
                                                   ctUn (SysmonSays)
                                                   dec (SysmonSays)
                                                   delay (SysmonSays)
                                                   lcdCol (SysmonSays)
                                                   lcdLin (SysmonSays)
                                                   ligaLed (SysmonSays)
                                                   mil (SysmonSays)
                                                   pontuacao (SysmonSays)
                                                   str (SysmonSays)
                                                   tecla (SysmonSays)
                                                   un (SysmonSays)
                                                   vetorPosicao (SysmonSays)
    -------------------------------------------------------------------------
CSTART
  Relative segment, address: C0A8 - C0B7 (0x10 bytes), align: 1
  Segment part 15.
           ENTRY                   ADDRESS         REF BY
           =====                   =======         ======
           ?cstart_init_copy       C0A8            _Randseed (?rand)
                                                   ctAcerto (SysmonSays)
                                                   ctTimer (SysmonSays)
                                                   estado (SysmonSays)
                                                   multAcerto (SysmonSays)
                                                   teste (SysmonSays)
    -------------------------------------------------------------------------
CSTART
  Relative segment, address: C0B8 - C0BF (0x8 bytes), align: 1
  Segment part 19.            Intra module refs:   Segment part 9
           ENTRY                   ADDRESS         REF BY
           =====                   =======         ======
           ?cstart_call_main       C0B8 
           ?cstart_end             C0C0 

    -------------------------------------------------------------------------
  LIBRARY MODULE, NAME : ?reset_vector

  SEGMENTS IN THE MODULE
  ======================
RESET
  Relative segment, address: FFFE - FFFF (0x2 bytes), align: 1
  Segment part 0.
           ENTRY                   ADDRESS         REF BY
           =====                   =======         ======
           ?reset_vector           FFFE            Segment part 9 (?cstart)

    -------------------------------------------------------------------------
  LIBRARY MODULE, NAME : ?exit

  SEGMENTS IN THE MODULE
  ======================
<CODE> 1 (was CODE)
  Relative segment, address: C884 - C887 (0x4 bytes), align: 1
  Segment part 2.
           ENTRY                   ADDRESS         REF BY
           =====                   =======         ======
           exit                    C884            Segment part 19 (?cstart)
               calls direct

    -------------------------------------------------------------------------
  LIBRARY MODULE, NAME : ?Mul32

  SEGMENTS IN THE MODULE
  ======================
<CODE> 1 (was CODE)
  Relative segment, address: C6E6 - C715 (0x30 bytes), align: 1
  Segment part 0.
           ENTRY                   ADDRESS         REF BY
           =====                   =======         ======
           ?Mul32                  C6E6            Segment part 12 (?rand)

    -------------------------------------------------------------------------
  LIBRARY MODULE, NAME : ?DivMod816u

  SEGMENTS IN THE MODULE
  ======================
<CODE> 1 (was CODE)
  Relative segment, address: C7F0 - C807 (0x18 bytes), align: 1
  Segment part 1.
           ENTRY                   ADDRESS         REF BY
           =====                   =======         ======
           ?DivMod16u              C7F0            ?DivMod16s (?DivMod816s)

    -------------------------------------------------------------------------
  LIBRARY MODULE, NAME : ?DivMod816s

  SEGMENTS IN THE MODULE
  ======================
<CODE> 1 (was CODE)
  Relative segment, address: C716 - C745 (0x30 bytes), align: 1
  Segment part 1.
           ENTRY                   ADDRESS         REF BY
           =====                   =======         ======
           ?DivMod16s              C716            ISR_RX (SysmonSays)
                                                   isr_TIMERA0 (SysmonSays)
                                                   main (SysmonSays)

    -------------------------------------------------------------------------
  LIBRARY MODULE, NAME : ?memcpy

  SEGMENTS IN THE MODULE
  ======================
<CODE> 1 (was CODE)
  Relative segment, address: C830 - C841 (0x12 bytes), align: 1
  Segment part 2.
           ENTRY                   ADDRESS         REF BY
           =====                   =======         ======
           memcpy                  C830            __data16_memcpy (?memzero)

    -------------------------------------------------------------------------
  LIBRARY MODULE, NAME : ?memzero

  SEGMENTS IN THE MODULE
  ======================
<CODE> 1 (was CODE)
  Relative segment, address: C864 - C873 (0x10 bytes), align: 1
  Segment part 2.
           ENTRY                   ADDRESS         REF BY
           =====                   =======         ======
           __data16_memzero        C864            ?cstart_init_zero (?cstart)
    -------------------------------------------------------------------------
<CODE> 1 (was CODE)
  Relative segment, address: C888 - C88B (0x4 bytes), align: 1
  Segment part 3.
           ENTRY                   ADDRESS         REF BY
           =====                   =======         ======
           __data16_memcpy         C888            ?cstart_init_copy (?cstart)
               calls direct

    -------------------------------------------------------------------------
  LIBRARY MODULE, NAME : ?rand

  SEGMENTS IN THE MODULE
  ======================
DATA16_Z
  Relative segment, address: 02EE - 02EE (0x1 bytes), align: 0
  Segment part 2.             Intra module refs:   rand
           ENTRY                   ADDRESS         REF BY
           =====                   =======         ======
           _Randinit               02EE            srand (?srand)
    -------------------------------------------------------------------------
DATA16_Z
  Relative segment, address: 0258 - 0259 (0x2 bytes), align: 1
  Segment part 3.             Intra module refs:   rand
           ENTRY                   ADDRESS         REF BY
           =====                   =======         ======
           __iar_Tls_setup__Randinit
                                   0258            srand (?srand)
    -------------------------------------------------------------------------
DATA16_I
  Relative segment, address: 0208 - 020B (0x4 bytes), align: 1
  Segment part 4.             Intra module refs:   Segment part 12
           ENTRY                   ADDRESS         REF BY
           =====                   =======         ======
           _Randseed               0208            srand (?srand)
    -------------------------------------------------------------------------
DATA16_Z
  Relative segment, address: 025A - 025B (0x2 bytes), align: 1
  Segment part 6.             Intra module refs:   rand
           ENTRY                   ADDRESS         REF BY
           =====                   =======         ======
           __iar_Tls_setup__Randseed
                                   025A            srand (?srand)
    -------------------------------------------------------------------------
DATA16_Z
  Relative segment, address: 025C - 025F (0x4 bytes), align: 1
  Segment part 7.             Intra module refs:   rand
    -------------------------------------------------------------------------
DATA16_Z
  Relative segment, address: 0260 - 02DF (0x80 bytes), align: 1
  Segment part 9.             Intra module refs:   rand
    -------------------------------------------------------------------------
<CODE> 1 (was CODE)
  Relative segment, address: C5F4 - C677 (0x84 bytes), align: 1
  Segment part 11.
           ENTRY                   ADDRESS         REF BY
           =====                   =======         ======
           rand                    C5F4            ISR_RX (SysmonSays)
                                                   isr_TIMERA0 (SysmonSays)
                                                   main (SysmonSays)
               calls direct and indirect
    -------------------------------------------------------------------------
<CODE> 1 (was CODE)
  Relative segment, address: C796 - C7BB (0x26 bytes), align: 1
  Segment part 12.            Intra module refs:   rand
    -------------------------------------------------------------------------
DATA16_ID
  Relative segment, address: C092 - C095 (0x4 bytes), align: 1
  Segment part 5.             Intra module refs:   _Randseed

    -------------------------------------------------------------------------
  LIBRARY MODULE, NAME : ?srand

  SEGMENTS IN THE MODULE
  ======================
<CODE> 1 (was CODE)
  Relative segment, address: C76E - C795 (0x28 bytes), align: 1
  Segment part 2.
           ENTRY                   ADDRESS         REF BY
           =====                   =======         ======
           srand                   C76E            main (SysmonSays)
               calls indirect

    -------------------------------------------------------------------------
  LIBRARY MODULE, NAME : ?strcat

  SEGMENTS IN THE MODULE
  ======================
<CODE> 1 (was CODE)
  Relative segment, address: C7D8 - C7EF (0x18 bytes), align: 1
  Segment part 2.
           ENTRY                   ADDRESS         REF BY
           =====                   =======         ======
           strcat                  C7D8            isr_TIMERA0 (SysmonSays)

    -------------------------------------------------------------------------
  LIBRARY MODULE, NAME : ?strcpy

  SEGMENTS IN THE MODULE
  ======================
<CODE> 1 (was CODE)
  Relative segment, address: C854 - C863 (0x10 bytes), align: 1
  Segment part 2.
           ENTRY                   ADDRESS         REF BY
           =====                   =======         ======
           strcpy                  C854            isr_TIMERA0 (SysmonSays)




                ****************************************
                *                                      *
                *      SEGMENTS IN ADDRESS ORDER       *
                *                                      *
                ****************************************


SEGMENT              SPACE    START ADDRESS   END ADDRESS     SIZE  TYPE  ALIGN
=======              =====    =============   ===========     ====  ====  =====
DATA16_AN                              0001 - 0001               1   rel    0
                                       0003 - 0003               1 
                                       0021 - 0022               2 
                                       0026 - 0026               1 
                                       0029 - 002A               2 
                                       0041 - 0041               1 
                                       0056 - 0057               2 
                                       0061 - 0064               4 
                                       0066 - 0067               2 
                                       0120 - 0121               2 
                                       012E - 012F               2 
                                       0160 - 0161               2 
                                       0172 - 0173               2 
DATA16_I                               0200 - 020C               D   rel    1
DATA16_Z                               020E - 02EE              E1   rel    1
CSTACK                                 03B0 - 03FF              50   rel    1
DATA16_AN                              10FE - 10FF               2   rel    0
DATA16_C                               C000 - C088              89   rel    0
DATA16_ID                              C08A - C096               D   rel    1
CSTART                                 C098 - C0BF              28   rel    1
<CODE> 1                               C0C0 - C88D             7CE   rel    1
INTVEC                                 FFE0 - FFF1              12   com    1
RESET                                  FFFE - FFFF               2   rel    1

                ****************************************
                *                                      *
                *        END OF CROSS REFERENCE        *
                *                                      *
                ****************************************

 2 058 bytes of CODE  memory
   318 bytes of DATA  memory (+ 26 absolute )
   150 bytes of CONST memory

Errors: none
Warnings: none

