################################################################################
#                                                                              #
#      IAR Universal Linker V6.5.1.95                                          #
#                                                                              #
#           Link time     =  29/Jun/2019  19:37:35                             #
#           Target CPU    =  MSP430                                            #
#           List file     =  "C:\Users\Johny\OneDrive\Quarto Periodo\Projeto I #
#                            ntegrador\WS_IAR_JOHNY\SimonSays\Debug\List\Symon #
#                            Says.map"                                         #
#           Output file 1 =  "C:\Users\Johny\OneDrive\Quarto Periodo\Projeto I #
#                            ntegrador\WS_IAR_JOHNY\SimonSays\Debug\Exe\SymonS #
#                            ays.d43"                                          #
#                            Format: ubrof10                                   #
#                            UBROF version 10.0.6                              #
#                            Using library modules for C-SPY (-rt)             #
#           Command line  =  -f C:\Users\Johny\AppData\Local\Temp\EWE15E.tmp   #
#                            ("C:\Users\Johny\OneDrive\Quarto Periodo\Projeto  #
#                            Integrador\WS_IAR_JOHNY\SimonSays\Debug\Obj\LCD_P #
#                            ort1V3.r43"                                       #
#                            "C:\Users\Johny\OneDrive\Quarto Periodo\Projeto I #
#                            ntegrador\WS_IAR_JOHNY\SimonSays\Debug\Obj\Sysmon #
#                            Says.r43"                                         #
#                            -o                                                #
#                            "C:\Users\Johny\OneDrive\Quarto Periodo\Projeto I #
#                            ntegrador\WS_IAR_JOHNY\SimonSays\Debug\Exe\SymonS #
#                            ays.d43"                                          #
#                            -l                                                #
#                            "C:\Users\Johny\OneDrive\Quarto Periodo\Projeto I #
#                            ntegrador\WS_IAR_JOHNY\SimonSays\Debug\List\Symon #
#                            Says.map"                                         #
#                            -xms                                              #
#                            "-IC:\Program Files (x86)\IAR Systems\Embedded Wo #
#                            rkbench 8.0\430\LIB\"                             #
#                            -f                                                #
#                            "C:\Program Files (x86)\IAR Systems\Embedded Work #
#                            bench 8.0\430\config\linker\lnk430g2553.xcl"      #
#                            (-cmsp430 -QCODE_I=CODE_ID -QTLS16_I=TLS16_ID     #
#                            -Z(CONST)INFO=1000-10FF                           #
#                            -Z(CONST)INFOA=10C0-10FF                          #
#                            -Z(CONST)INFOB=1080-10BF                          #
#                            -Z(CONST)INFOC=1040-107F                          #
#                            -Z(CONST)INFOD=1000-103F                          #
#                            -Z(DATA)DATA16_I,DATA16_Z,DATA16_N,TLS16_I=0200-0 #
#                            3FF                                               #
#                            -Z(DATA)DATA16_HEAP+_DATA16_HEAP_SIZE             #
#                            -Z(DATA)CODE_I -Z(DATA)CSTACK+_STACK_SIZE#        #
#                            -Z(CONST)DATA16_C,DATA16_ID,TLS16_ID,DIFUNCT,CHEC #
#                            KSUM=C000-FFDD                                    #
#                            -Z(CODE)CSTART,ISR_CODE,CODE_ID=C000-FFDD         #
#                            -P(CODE)CODE=C000-FFDD                            #
#                            -Z(CONST)SIGNATURE=FFDE-FFDF                      #
#                            -Z(CODE)INTVEC=FFE0-FFFF                          #
#                            -Z(CODE)RESET=FFFE-FFFF) -D_STACK_SIZE=50 -rt     #
#                            "C:\Program Files (x86)\IAR Systems\Embedded Work #
#                            bench 8.0\430\lib\dlib\dl430fn.r43"               #
#                            -D_DATA16_HEAP_SIZE=50 -s __program_start         #
#                            -D_DATA20_HEAP_SIZE=50)                           #
#                                                                              #
#                           Copyright (C) 1987-2016 IAR Systems AB.            #
################################################################################





                ****************************************
                *                                      *
                *           CROSS REFERENCE            *
                *                                      *
                ****************************************

       Program entry at :           C092  Relocatable, from module : ?cstart




                ****************************************
                *                                      *
                *            RUNTIME MODEL             *
                *                                      *
                ****************************************

  __Heap_Handler             = Basic
  __SystemLibrary            = DLib
  __core                     = 430
  __dlib_file_descriptor     = 0
  __dlib_full_locale_support = 0
  __double_size              = 32
  __pic                      = no
  __reg_r4                   = free
  __reg_r5                   = free
  __rt_version               = 3

                ****************************************
                *                                      *
                *    AUTOMATIC SYMBOL REDIRECTIONS     *
                *                                      *
                ****************************************

                  There are no automatic symbol redirections.



                ****************************************
                *                                      *
                *              MODULE MAP              *
                *                                      *
                ****************************************


  DEFINED ABSOLUTE ENTRIES
    *************************************************************************

  DEFINED ABSOLUTE ENTRIES
  PROGRAM MODULE, NAME : ?ABS_ENTRY_MOD

Absolute parts
           ENTRY                   ADDRESS         REF BY
           =====                   =======         ======
           _DATA20_HEAP_SIZE       0050 
           _DATA16_HEAP_SIZE       0050 
           _STACK_SIZE             0050 
    *************************************************************************

  FILE NAME : C:\Users\Johny\OneDrive\Quarto Periodo\Projeto Integrador\WS_IAR_JOHNY\SimonSays\Debug\Obj\LCD_Port1V3.r43
  PROGRAM MODULE, NAME : LCD_Port1V3

  SEGMENTS IN THE MODULE
  ======================
DATA16_AN
  Relative segment, address: 0021 - 0021 (0x1 bytes), align: 0
  Segment part 1. ROOT        Intra module refs:   EscDado
                                                   EscInst
                                                   IniDisp
                                                   main (SysmonSays)
                                                   strobe
           ENTRY                   ADDRESS         REF BY
           =====                   =======         ======
           P1OUT                   0021 
    -------------------------------------------------------------------------
<CODE> 1 (was CODE)
  Relative segment, address: C514 - C5AD (0x9a bytes), align: 1
  Segment part 5.
           ENTRY                   ADDRESS         REF BY
           =====                   =======         ======
           IniDisp                 C514            main (SysmonSays)
               calls direct
    -------------------------------------------------------------------------
<CODE> 1 (was CODE)
  Relative segment, address: C7DE - C7E9 (0xc bytes), align: 1
  Segment part 3.             Intra module refs:   EscDado
                                                   EscInst
                                                   IniDisp
           ENTRY                   ADDRESS         REF BY
           =====                   =======         ======
           strobe                  C7DE 
    -------------------------------------------------------------------------
<CODE> 1 (was CODE)
  Relative segment, address: C66C - C69F (0x34 bytes), align: 1
  Segment part 4.             Intra module refs:   GotoXY
                                                   IniDisp
           ENTRY                   ADDRESS         REF BY
           =====                   =======         ======
           EscInst                 C66C            main (SysmonSays)
               calls direct
    -------------------------------------------------------------------------
<CODE> 1 (was CODE)
  Relative segment, address: C632 - C66B (0x3a bytes), align: 1
  Segment part 6.             Intra module refs:   MString
           ENTRY                   ADDRESS         REF BY
           =====                   =======         ======
           EscDado                 C632 
               calls direct
    -------------------------------------------------------------------------
<CODE> 1 (was CODE)
  Relative segment, address: C782 - C795 (0x14 bytes), align: 1
  Segment part 7.
           ENTRY                   ADDRESS         REF BY
           =====                   =======         ======
           GotoXY                  C782            isr_TIMERA0 (SysmonSays)
                                                   main (SysmonSays)
               calls direct
    -------------------------------------------------------------------------
<CODE> 1 (was CODE)
  Relative segment, address: C796 - C7A9 (0x14 bytes), align: 1
  Segment part 8.
           ENTRY                   ADDRESS         REF BY
           =====                   =======         ======
           MString                 C796            isr_TIMERA0 (SysmonSays)
                                                   main (SysmonSays)
               calls direct

    *************************************************************************

  FILE NAME : C:\Users\Johny\OneDrive\Quarto Periodo\Projeto Integrador\WS_IAR_JOHNY\SimonSays\Debug\Obj\SysmonSays.r43
  PROGRAM MODULE, NAME : SysmonSays

  SEGMENTS IN THE MODULE
  ======================
DATA16_AN
  Relative segment, address: 0001 - 0001 (0x1 bytes), align: 0
  Segment part 1. ROOT        Intra module refs:   main
           ENTRY                   ADDRESS         REF BY
           =====                   =======         ======
           IE2                     0001 
    -------------------------------------------------------------------------
DATA16_AN
  Relative segment, address: 0056 - 0056 (0x1 bytes), align: 0
  Segment part 2. ROOT        Intra module refs:   main
           ENTRY                   ADDRESS         REF BY
           =====                   =======         ======
           DCOCTL                  0056 
    -------------------------------------------------------------------------
DATA16_AN
  Relative segment, address: 0057 - 0057 (0x1 bytes), align: 0
  Segment part 3. ROOT        Intra module refs:   main
           ENTRY                   ADDRESS         REF BY
           =====                   =======         ======
           BCSCTL1                 0057 
    -------------------------------------------------------------------------
DATA16_AN
  Relative segment, address: 0022 - 0022 (0x1 bytes), align: 0
  Segment part 5. ROOT        Intra module refs:   main
           ENTRY                   ADDRESS         REF BY
           =====                   =======         ======
           P1DIR                   0022 
    -------------------------------------------------------------------------
DATA16_AN
  Relative segment, address: 0026 - 0026 (0x1 bytes), align: 0
  Segment part 6. ROOT        Intra module refs:   main
           ENTRY                   ADDRESS         REF BY
           =====                   =======         ======
           P1SEL                   0026 
    -------------------------------------------------------------------------
DATA16_AN
  Relative segment, address: 0041 - 0041 (0x1 bytes), align: 0
  Segment part 7. ROOT        Intra module refs:   main
           ENTRY                   ADDRESS         REF BY
           =====                   =======         ======
           P1SEL2                  0041 
    -------------------------------------------------------------------------
DATA16_AN
  Relative segment, address: 0029 - 0029 (0x1 bytes), align: 0
  Segment part 8. ROOT        Intra module refs:   ISR_RX
                                                   isr_TIMERA0
                                                   main
           ENTRY                   ADDRESS         REF BY
           =====                   =======         ======
           P2OUT                   0029 
    -------------------------------------------------------------------------
DATA16_AN
  Relative segment, address: 002A - 002A (0x1 bytes), align: 0
  Segment part 9. ROOT        Intra module refs:   main
           ENTRY                   ADDRESS         REF BY
           =====                   =======         ======
           P2DIR                   002A 
    -------------------------------------------------------------------------
DATA16_AN
  Relative segment, address: 012E - 012F (0x2 bytes), align: 0
  Segment part 10. ROOT       Intra module refs:   isr_TIMERA0
           ENTRY                   ADDRESS         REF BY
           =====                   =======         ======
           TA0IV                   012E 
    -------------------------------------------------------------------------
DATA16_AN
  Relative segment, address: 0160 - 0161 (0x2 bytes), align: 0
  Segment part 11. ROOT       Intra module refs:   main
           ENTRY                   ADDRESS         REF BY
           =====                   =======         ======
           TA0CTL                  0160 
    -------------------------------------------------------------------------
DATA16_AN
  Relative segment, address: 0172 - 0173 (0x2 bytes), align: 0
  Segment part 12. ROOT       Intra module refs:   main
           ENTRY                   ADDRESS         REF BY
           =====                   =======         ======
           TA0CCR0                 0172 
    -------------------------------------------------------------------------
DATA16_AN
  Relative segment, address: 0061 - 0061 (0x1 bytes), align: 0
  Segment part 13. ROOT       Intra module refs:   main
           ENTRY                   ADDRESS         REF BY
           =====                   =======         ======
           UCA0CTL1                0061 
    -------------------------------------------------------------------------
DATA16_AN
  Relative segment, address: 0062 - 0062 (0x1 bytes), align: 0
  Segment part 14. ROOT       Intra module refs:   main
           ENTRY                   ADDRESS         REF BY
           =====                   =======         ======
           UCA0BR0                 0062 
    -------------------------------------------------------------------------
DATA16_AN
  Relative segment, address: 0063 - 0063 (0x1 bytes), align: 0
  Segment part 15. ROOT       Intra module refs:   main
           ENTRY                   ADDRESS         REF BY
           =====                   =======         ======
           UCA0BR1                 0063 
    -------------------------------------------------------------------------
DATA16_AN
  Relative segment, address: 0064 - 0064 (0x1 bytes), align: 0
  Segment part 16. ROOT       Intra module refs:   main
           ENTRY                   ADDRESS         REF BY
           =====                   =======         ======
           UCA0MCTL                0064 
    -------------------------------------------------------------------------
DATA16_AN
  Relative segment, address: 0066 - 0066 (0x1 bytes), align: 0
  Segment part 17. ROOT       Intra module refs:   ISR_RX
           ENTRY                   ADDRESS         REF BY
           =====                   =======         ======
           UCA0RXBUF               0066 
    -------------------------------------------------------------------------
DATA16_AN
  Relative segment, address: 0120 - 0121 (0x2 bytes), align: 0
  Segment part 18. ROOT       Intra module refs:   main
           ENTRY                   ADDRESS         REF BY
           =====                   =======         ======
           WDTCTL                  0120 
    -------------------------------------------------------------------------
DATA16_AN
  Relative segment, address: 10FE - 10FE (0x1 bytes), align: 0
  Segment part 19. ROOT       Intra module refs:   main
           ENTRY                   ADDRESS         REF BY
           =====                   =======         ======
           CALDCO_1MHZ             10FE 
    -------------------------------------------------------------------------
DATA16_AN
  Relative segment, address: 10FF - 10FF (0x1 bytes), align: 0
  Segment part 20. ROOT       Intra module refs:   main
           ENTRY                   ADDRESS         REF BY
           =====                   =======         ======
           CALBC1_1MHZ             10FF 
    -------------------------------------------------------------------------
DATA16_Z
  Relative segment, address: 02D6 - 02D6 (0x1 bytes), align: 0
  Segment part 33.            Intra module refs:   main
           ENTRY                   ADDRESS         REF BY
           =====                   =======         ======
           tecla                   02D6 
    -------------------------------------------------------------------------
DATA16_Z
  Relative segment, address: 02D7 - 02D7 (0x1 bytes), align: 0
  Segment part 34.            Intra module refs:   main
           ENTRY                   ADDRESS         REF BY
           =====                   =======         ======
           lcdLin                  02D7 
    -------------------------------------------------------------------------
DATA16_Z
  Relative segment, address: 02D8 - 02D8 (0x1 bytes), align: 0
  Segment part 35.            Intra module refs:   main
           ENTRY                   ADDRESS         REF BY
           =====                   =======         ======
           lcdCol                  02D8 
    -------------------------------------------------------------------------
DATA16_I
  Relative segment, address: 0200 - 0201 (0x2 bytes), align: 1
  Segment part 36.            Intra module refs:   ISR_RX
                                                   isr_TIMERA0
           ENTRY                   ADDRESS         REF BY
           =====                   =======         ======
           ctTimer                 0200 
    -------------------------------------------------------------------------
DATA16_Z
  Relative segment, address: 020C - 0247 (0x3c bytes), align: 1
  Segment part 38.            Intra module refs:   ISR_RX
                                                   isr_TIMERA0
                                                   main
           ENTRY                   ADDRESS         REF BY
           =====                   =======         ======
           vetorPosicao            020C 
    -------------------------------------------------------------------------
DATA16_I
  Relative segment, address: 0202 - 0203 (0x2 bytes), align: 1
  Segment part 39.            Intra module refs:   ISR_RX
                                                   isr_TIMERA0
           ENTRY                   ADDRESS         REF BY
           =====                   =======         ======
           estado                  0202 
    -------------------------------------------------------------------------
DATA16_Z
  Relative segment, address: 0248 - 0249 (0x2 bytes), align: 1
  Segment part 41.            Intra module refs:   ISR_RX
                                                   isr_TIMERA0
           ENTRY                   ADDRESS         REF BY
           =====                   =======         ======
           ctPosicaoVetor          0248 
    -------------------------------------------------------------------------
DATA16_I
  Relative segment, address: 0204 - 0205 (0x2 bytes), align: 1
  Segment part 42.            Intra module refs:   ISR_RX
                                                   isr_TIMERA0
           ENTRY                   ADDRESS         REF BY
           =====                   =======         ======
           ctAcerto                0204 
    -------------------------------------------------------------------------
DATA16_Z
  Relative segment, address: 02D9 - 02D9 (0x1 bytes), align: 0
  Segment part 44.            Intra module refs:   ISR_RX
                                                   isr_TIMERA0
           ENTRY                   ADDRESS         REF BY
           =====                   =======         ======
           ligaLed                 02D9 
    -------------------------------------------------------------------------
DATA16_Z
  Relative segment, address: 02DA - 02DD (0x4 bytes), align: 0
  Segment part 45.            Intra module refs:   isr_TIMERA0
           ENTRY                   ADDRESS         REF BY
           =====                   =======         ======
           pontuacao               02DA 
    -------------------------------------------------------------------------
DATA16_I
  Relative segment, address: 020A - 020A (0x1 bytes), align: 0
  Segment part 46.            Intra module refs:   isr_TIMERA0
           ENTRY                   ADDRESS         REF BY
           =====                   =======         ======
           multAcerto              020A 
    -------------------------------------------------------------------------
DATA16_Z
  Relative segment, address: 024A - 024B (0x2 bytes), align: 1
  Segment part 48.            Intra module refs:   ISR_RX
                                                   isr_TIMERA0
           ENTRY                   ADDRESS         REF BY
           =====                   =======         ======
           ctUn                    024A 
    -------------------------------------------------------------------------
DATA16_Z
  Relative segment, address: 024C - 024D (0x2 bytes), align: 1
  Segment part 49.            Intra module refs:   ISR_RX
                                                   isr_TIMERA0
           ENTRY                   ADDRESS         REF BY
           =====                   =======         ======
           delay                   024C 
    -------------------------------------------------------------------------
<CODE> 1 (was CODE)
  Relative segment, address: C44C - C513 (0xc8 bytes), align: 1
  Segment part 50.
           ENTRY                   ADDRESS         REF BY
           =====                   =======         ======
           main                    C44C            Segment part 19 (?cstart)
               calls direct
    -------------------------------------------------------------------------
<CODE> 1 (was CODE)
  Relative segment, address: C0BA - C353 (0x29a bytes), align: 1
  Segment part 51.            Intra module refs:   isr_TIMERA0::??INTVEC 16
           ENTRY                   ADDRESS         REF BY
           =====                   =======         ======
           isr_TIMERA0             C0BA 
               interrupt function
               calls direct
    -------------------------------------------------------------------------
<CODE> 1 (was CODE)
  Relative segment, address: C354 - C44B (0xf8 bytes), align: 1
  Segment part 52.            Intra module refs:   ISR_RX::??INTVEC 14
           ENTRY                   ADDRESS         REF BY
           =====                   =======         ======
           ISR_RX                  C354 
               interrupt function
               calls direct
    -------------------------------------------------------------------------
INTVEC
  Common segment, address: FFE0 - FFEF (0x10 bytes), align: 1
  Segment part 21. ROOT 
           ENTRY                   ADDRESS         REF BY
           =====                   =======         ======
           ISR_RX::??INTVEC 14     FFEE 
    -------------------------------------------------------------------------
INTVEC
  Common segment, address: FFE0 - FFF1 (0x12 bytes), align: 1
  Segment part 22. ROOT 
           ENTRY                   ADDRESS         REF BY
           =====                   =======         ======
           isr_TIMERA0::??INTVEC 16
                                   FFF0 
    -------------------------------------------------------------------------
DATA16_ID
  Relative segment, address: C086 - C087 (0x2 bytes), align: 1
  Segment part 37.            Intra module refs:   ctTimer
    -------------------------------------------------------------------------
DATA16_ID
  Relative segment, address: C088 - C089 (0x2 bytes), align: 1
  Segment part 40.            Intra module refs:   estado
    -------------------------------------------------------------------------
DATA16_ID
  Relative segment, address: C08A - C08B (0x2 bytes), align: 1
  Segment part 43.            Intra module refs:   ctAcerto
    -------------------------------------------------------------------------
DATA16_ID
  Relative segment, address: C090 - C090 (0x1 bytes), align: 0
  Segment part 47.            Intra module refs:   multAcerto
    -------------------------------------------------------------------------
DATA16_C
  Relative segment, address: C000 - C010 (0x11 bytes), align: 0
  Segment part 24.            Intra module refs:   main
    -------------------------------------------------------------------------
DATA16_C
  Relative segment, address: C011 - C021 (0x11 bytes), align: 0
  Segment part 25.            Intra module refs:   main
    -------------------------------------------------------------------------
DATA16_C
  Relative segment, address: C022 - C032 (0x11 bytes), align: 0
  Segment part 26.            Intra module refs:   isr_TIMERA0
    -------------------------------------------------------------------------
DATA16_C
  Relative segment, address: C033 - C043 (0x11 bytes), align: 0
  Segment part 27.            Intra module refs:   isr_TIMERA0
    -------------------------------------------------------------------------
DATA16_C
  Relative segment, address: C044 - C054 (0x11 bytes), align: 0
  Segment part 28.            Intra module refs:   isr_TIMERA0
    -------------------------------------------------------------------------
DATA16_C
  Relative segment, address: C055 - C066 (0x12 bytes), align: 0
  Segment part 29.            Intra module refs:   isr_TIMERA0
    -------------------------------------------------------------------------
DATA16_C
  Relative segment, address: C067 - C071 (0xb bytes), align: 0
  Segment part 30.            Intra module refs:   isr_TIMERA0
    -------------------------------------------------------------------------
DATA16_C
  Relative segment, address: C072 - C074 (0x3 bytes), align: 0
  Segment part 31.            Intra module refs:   isr_TIMERA0
    -------------------------------------------------------------------------
DATA16_C
  Relative segment, address: C075 - C085 (0x11 bytes), align: 0
  Segment part 32.            Intra module refs:   isr_TIMERA0

    *************************************************************************

  FILE NAME : C:\Program Files (x86)\IAR Systems\Embedded Workbench 8.0\430\lib\dlib\dl430fn.r43
  LIBRARY MODULE, NAME : ?__dbg_break

  SEGMENTS IN THE MODULE
  ======================
<CODE> 1 (was CODE)
  Relative segment, address: C7F6 - C7F7 (0x2 bytes), align: 1
  Segment part 2.
           ENTRY                   ADDRESS         REF BY
           =====                   =======         ======
           __DebugBreak            C7F6            __exit (?__exit)
                                                   __time32 (?time)

    -------------------------------------------------------------------------
  LIBRARY MODULE, NAME : ?time

  SEGMENTS IN THE MODULE
  ======================
<CODE> 1 (was CODE)
  Relative segment, address: C74E - C769 (0x1c bytes), align: 1
  Segment part 2.
           ENTRY                   ADDRESS         REF BY
           =====                   =======         ======
           __time32                C74E            main (SysmonSays)
               calls direct

    -------------------------------------------------------------------------
  LIBRARY MODULE, NAME : ?__exit

  SEGMENTS IN THE MODULE
  ======================
<CODE> 1 (was CODE)
  Relative segment, address: C7BC - C7CD (0x12 bytes), align: 1
  Segment part 2.
           ENTRY                   ADDRESS         REF BY
           =====                   =======         ======
           __exit                  C7BC            Segment part 6 (?_exit)
                                                   _exit (?_exit)
               calls direct

    -------------------------------------------------------------------------
  LIBRARY MODULE, NAME : ?_exit

  SEGMENTS IN THE MODULE
  ======================
<CODE> 1 (was CODE)
  Relative segment, address: C7EE, align: 1
  Segment part 0.
           ENTRY                   ADDRESS         REF BY
           =====                   =======         ======
           _exit                   C7EE            exit (?exit)
    -------------------------------------------------------------------------
<CODE> 1 (was CODE)
  Relative segment, address: C7EE - C7F1 (0x4 bytes), align: 1
  Segment part 6.             Intra module refs:   _exit

    -------------------------------------------------------------------------
  LIBRARY MODULE, NAME : ?cstart

  SEGMENTS IN THE MODULE
  ======================
CSTACK
  Relative segment, address: 03B0, align: 1
  Segment part 1.
    -------------------------------------------------------------------------
DATA16_Z
  Relative segment, address: 024E, align: 1
  Segment part 2.
    -------------------------------------------------------------------------
DATA16_I
  Relative segment, address: 0206, align: 1
  Segment part 3.
    -------------------------------------------------------------------------
DATA16_ID
  Relative segment, address: C08C, align: 1
  Segment part 4.
    -------------------------------------------------------------------------
CSTART
  Relative segment, address: C092 - C095 (0x4 bytes), align: 1
  Segment part 9.
           ENTRY                   ADDRESS         REF BY
           =====                   =======         ======
           __program_start         C092            ?reset_vector (?reset_vector)
                                                   Absolute parts (?ABS_ENTRY_MOD)
           ?cstart_begin           C092 
    -------------------------------------------------------------------------
CSTART
  Relative segment, address: C096 - C0A1 (0xc bytes), align: 1
  Segment part 14.
           ENTRY                   ADDRESS         REF BY
           =====                   =======         ======
           ?cstart_init_zero       C096            Segment part 7 (?rand)
                                                   Segment part 9 (?rand)
                                                   _Randinit (?rand)
                                                   __iar_Tls_setup__Randinit (?rand)
                                                   __iar_Tls_setup__Randseed (?rand)
                                                   ctPosicaoVetor (SysmonSays)
                                                   ctUn (SysmonSays)
                                                   delay (SysmonSays)
                                                   lcdCol (SysmonSays)
                                                   lcdLin (SysmonSays)
                                                   ligaLed (SysmonSays)
                                                   pontuacao (SysmonSays)
                                                   tecla (SysmonSays)
                                                   vetorPosicao (SysmonSays)
    -------------------------------------------------------------------------
CSTART
  Relative segment, address: C0A2 - C0B1 (0x10 bytes), align: 1
  Segment part 15.
           ENTRY                   ADDRESS         REF BY
           =====                   =======         ======
           ?cstart_init_copy       C0A2            _Randseed (?rand)
                                                   ctAcerto (SysmonSays)
                                                   ctTimer (SysmonSays)
                                                   estado (SysmonSays)
                                                   multAcerto (SysmonSays)
    -------------------------------------------------------------------------
CSTART
  Relative segment, address: C0B2 - C0B9 (0x8 bytes), align: 1
  Segment part 19.            Intra module refs:   Segment part 9
           ENTRY                   ADDRESS         REF BY
           =====                   =======         ======
           ?cstart_call_main       C0B2 
           ?cstart_end             C0BA 

    -------------------------------------------------------------------------
  LIBRARY MODULE, NAME : ?reset_vector

  SEGMENTS IN THE MODULE
  ======================
RESET
  Relative segment, address: FFFE - FFFF (0x2 bytes), align: 1
  Segment part 0.
           ENTRY                   ADDRESS         REF BY
           =====                   =======         ======
           ?reset_vector           FFFE            Segment part 9 (?cstart)

    -------------------------------------------------------------------------
  LIBRARY MODULE, NAME : ?exit

  SEGMENTS IN THE MODULE
  ======================
<CODE> 1 (was CODE)
  Relative segment, address: C7F2 - C7F5 (0x4 bytes), align: 1
  Segment part 2.
           ENTRY                   ADDRESS         REF BY
           =====                   =======         ======
           exit                    C7F2            Segment part 19 (?cstart)
               calls direct

    -------------------------------------------------------------------------
  LIBRARY MODULE, NAME : ?Mul32

  SEGMENTS IN THE MODULE
  ======================
<CODE> 1 (was CODE)
  Relative segment, address: C6D0 - C6FF (0x30 bytes), align: 1
  Segment part 0.
           ENTRY                   ADDRESS         REF BY
           =====                   =======         ======
           ?Mul32                  C6D0            Segment part 12 (?rand)

    -------------------------------------------------------------------------
  LIBRARY MODULE, NAME : ?DivMod816u

  SEGMENTS IN THE MODULE
  ======================
<CODE> 1 (was CODE)
  Relative segment, address: C76A - C781 (0x18 bytes), align: 1
  Segment part 1.
           ENTRY                   ADDRESS         REF BY
           =====                   =======         ======
           ?DivMod16u              C76A            ?DivMod16s (?DivMod816s)

    -------------------------------------------------------------------------
  LIBRARY MODULE, NAME : ?DivMod816s

  SEGMENTS IN THE MODULE
  ======================
<CODE> 1 (was CODE)
  Relative segment, address: C6A0 - C6CF (0x30 bytes), align: 1
  Segment part 1.
           ENTRY                   ADDRESS         REF BY
           =====                   =======         ======
           ?DivMod16s              C6A0            ISR_RX (SysmonSays)
                                                   isr_TIMERA0 (SysmonSays)
                                                   main (SysmonSays)

    -------------------------------------------------------------------------
  LIBRARY MODULE, NAME : ?memcpy

  SEGMENTS IN THE MODULE
  ======================
<CODE> 1 (was CODE)
  Relative segment, address: C7AA - C7BB (0x12 bytes), align: 1
  Segment part 2.
           ENTRY                   ADDRESS         REF BY
           =====                   =======         ======
           memcpy                  C7AA            __data16_memcpy (?memzero)

    -------------------------------------------------------------------------
  LIBRARY MODULE, NAME : ?memzero

  SEGMENTS IN THE MODULE
  ======================
<CODE> 1 (was CODE)
  Relative segment, address: C7CE - C7DD (0x10 bytes), align: 1
  Segment part 2.
           ENTRY                   ADDRESS         REF BY
           =====                   =======         ======
           __data16_memzero        C7CE            ?cstart_init_zero (?cstart)
    -------------------------------------------------------------------------
<CODE> 1 (was CODE)
  Relative segment, address: C7EA - C7ED (0x4 bytes), align: 1
  Segment part 3.
           ENTRY                   ADDRESS         REF BY
           =====                   =======         ======
           __data16_memcpy         C7EA            ?cstart_init_copy (?cstart)
               calls direct

    -------------------------------------------------------------------------
  LIBRARY MODULE, NAME : ?rand

  SEGMENTS IN THE MODULE
  ======================
DATA16_Z
  Relative segment, address: 02DE - 02DE (0x1 bytes), align: 0
  Segment part 2.             Intra module refs:   rand
           ENTRY                   ADDRESS         REF BY
           =====                   =======         ======
           _Randinit               02DE            srand (?srand)
    -------------------------------------------------------------------------
DATA16_Z
  Relative segment, address: 024E - 024F (0x2 bytes), align: 1
  Segment part 3.             Intra module refs:   rand
           ENTRY                   ADDRESS         REF BY
           =====                   =======         ======
           __iar_Tls_setup__Randinit
                                   024E            srand (?srand)
    -------------------------------------------------------------------------
DATA16_I
  Relative segment, address: 0206 - 0209 (0x4 bytes), align: 1
  Segment part 4.             Intra module refs:   Segment part 12
           ENTRY                   ADDRESS         REF BY
           =====                   =======         ======
           _Randseed               0206            srand (?srand)
    -------------------------------------------------------------------------
DATA16_Z
  Relative segment, address: 0250 - 0251 (0x2 bytes), align: 1
  Segment part 6.             Intra module refs:   rand
           ENTRY                   ADDRESS         REF BY
           =====                   =======         ======
           __iar_Tls_setup__Randseed
                                   0250            srand (?srand)
    -------------------------------------------------------------------------
DATA16_Z
  Relative segment, address: 0252 - 0255 (0x4 bytes), align: 1
  Segment part 7.             Intra module refs:   rand
    -------------------------------------------------------------------------
DATA16_Z
  Relative segment, address: 0256 - 02D5 (0x80 bytes), align: 1
  Segment part 9.             Intra module refs:   rand
    -------------------------------------------------------------------------
<CODE> 1 (was CODE)
  Relative segment, address: C5AE - C631 (0x84 bytes), align: 1
  Segment part 11.
           ENTRY                   ADDRESS         REF BY
           =====                   =======         ======
           rand                    C5AE            ISR_RX (SysmonSays)
                                                   isr_TIMERA0 (SysmonSays)
                                                   main (SysmonSays)
               calls direct and indirect
    -------------------------------------------------------------------------
<CODE> 1 (was CODE)
  Relative segment, address: C728 - C74D (0x26 bytes), align: 1
  Segment part 12.            Intra module refs:   rand
    -------------------------------------------------------------------------
DATA16_ID
  Relative segment, address: C08C - C08F (0x4 bytes), align: 1
  Segment part 5.             Intra module refs:   _Randseed

    -------------------------------------------------------------------------
  LIBRARY MODULE, NAME : ?srand

  SEGMENTS IN THE MODULE
  ======================
<CODE> 1 (was CODE)
  Relative segment, address: C700 - C727 (0x28 bytes), align: 1
  Segment part 2.
           ENTRY                   ADDRESS         REF BY
           =====                   =======         ======
           srand                   C700            main (SysmonSays)
               calls indirect




                ****************************************
                *                                      *
                *      SEGMENTS IN ADDRESS ORDER       *
                *                                      *
                ****************************************


SEGMENT              SPACE    START ADDRESS   END ADDRESS     SIZE  TYPE  ALIGN
=======              =====    =============   ===========     ====  ====  =====
DATA16_AN                              0001 - 0001               1   rel    0
                                       0021 - 0022               2 
                                       0026 - 0026               1 
                                       0029 - 002A               2 
                                       0041 - 0041               1 
                                       0056 - 0057               2 
                                       0061 - 0064               4 
                                       0066 - 0066               1 
                                       0120 - 0121               2 
                                       012E - 012F               2 
                                       0160 - 0161               2 
                                       0172 - 0173               2 
DATA16_I                               0200 - 020A               B   rel    1
DATA16_Z                               020C - 02DE              D3   rel    1
CSTACK                                 03B0 - 03FF              50   rel    1
DATA16_AN                              10FE - 10FF               2   rel    0
DATA16_C                               C000 - C085              86   rel    0
DATA16_ID                              C086 - C090               B   rel    1
CSTART                                 C092 - C0B9              28   rel    1
<CODE> 1                               C0BA - C7F7             73E   rel    1
INTVEC                                 FFE0 - FFF1              12   com    1
RESET                                  FFFE - FFFF               2   rel    1

                ****************************************
                *                                      *
                *        END OF CROSS REFERENCE        *
                *                                      *
                ****************************************

 1 914 bytes of CODE  memory
   302 bytes of DATA  memory (+ 24 absolute )
   145 bytes of CONST memory

Errors: none
Warnings: none

